// Jest Snapshot v1, https://goo.gl/fbAQLP

exports[`Dashboard matches snapshot 1`] = `
<DocumentFragment>
  <div>
    Signed in as Michael Shields
    <button
      type="button"
    >
      Sign Out
    </button>
    <p>
      Hey, 
      <span>
        Michael!
      </span>
    </p>
  </div>
  );
</DocumentFragment>
`;
