// Jest Snapshot v1, https://goo.gl/fbAQLP

exports[`Dashboard matches snapshot 1`] = `
<DocumentFragment>
  <div>
    <h1>
      Dashboard
    </h1>
    <div>
      <p>
        Welcome, 
        <span />
      </p>
      <p>
        Please choose a category
      </p>
      <button>
        JavaScript
      </button>
      <button>
        HTML
      </button>
      <button>
        mySQL
      </button>
      <label
        for="question-limit"
      >
        How many questions?
      </label>
      <input
        min="1"
        step="1"
        type="number"
        value="1"
      />
      <br />
      <button
        type="button"
      >
        Play
      </button>
      <br />
      <button
        type="button"
      >
        Logout
      </button>
    </div>
  </div>
</DocumentFragment>
`;
