// Jest Snapshot v1, https://goo.gl/fbAQLP

exports[`Home matches snapshot 1`] = `
<DocumentFragment>
  <div
    class="container"
  >
    <main
      class="main"
    >
      <div>
        Signed in as Jane Doe
        <button
          type="button"
        >
          Sign Out
        </button>
        <p>
          Hey, 
          <span>
            Jane!
          </span>
        </p>
        <form
          class="GameOptions__grid"
          name="game-options"
        >
          <fieldset
            class="categories"
          >
            <legend>
              Please choose a category
            </legend>
            <div
              class="category__input"
            >
              <input
                id="JavaScript"
                name="category"
                required=""
                type="radio"
                value="JavaScript"
              />
              <label
                class="radio-bttn-label"
                for="JavaScript"
              >
                JavaScript
              </label>
            </div>
            <div
              class="category__input"
            >
              <input
                id="HTML"
                name="category"
                required=""
                type="radio"
                value="HTML"
              />
              <label
                class="radio-bttn-label"
                for="HTML"
              >
                HTML
              </label>
            </div>
          </fieldset>
          <div>
            <label
              for="questionCount"
            >
              Number of questions: 
            </label>
            <input
              id="questionCount"
              max="5"
              min="1"
              required=""
              step="1"
              type="number"
              value="3"
            />
          </div>
          <button
            class="button primary"
            type="submit"
          >
            Play Game
          </button>
        </form>
      </div>
    </main>
  </div>
</DocumentFragment>
`;
